<html>
<body>
<pre>
<h1>µVision Build Log</h1>
<h2>Tool Versions:</h2>
IDE-Version: µVision V5.40.0.0
Copyright (C) 2024 ARM Ltd and ARM Germany GmbH. All rights reserved.
License Information: Labinf Dauin Politecnico di Torino Flex license: MDK Professional 5.40 (Flex) (mdk_pro) Operation stops: 15 Aug 2025
 
Tool Versions:
Toolchain:       MDK Professional 5.40 (Flex)  Version: 5.40.0.3
Toolchain Path:  c:\Keil_v5\ARM\ARMCLANG\Bin
C Compiler:      ArmClang.exe V6.22
Assembler:       Armasm.exe V6.22
Linker/Locator:  ArmLink.exe V6.22
Library Manager: ArmAr.exe V6.22
Hex Converter:   FromElf.exe V6.22
CPU DLL:         SARMCM3.DLL V5.40.0.3
Dialog DLL:      DARMP1.DLL V1.28.1.0
Target DLL:      UL2CM3.DLL V1.164.11.0
Dialog DLL:      TARMP1.DLL V1.27.1.0
 
<h2>Project:</h2>
C:\Users\s344007\Desktop\12_sample_GLCD_TP (2)\sample.uvprojx
Project File Date:  01/13/2025

<h2>Output:</h2>
*** Using Compiler 'V6.22', folder: 'c:\Keil_v5\ARM\ARMCLANG\Bin'
Rebuild target 'LandTiger_LPC1768 (release)'
assembling startup_LPC17xx.s...
creating preprocessor file for music.c...
creating preprocessor file for sample.c...
compiling music.c...
compiling sample.c...
creating preprocessor file for system_LPC17xx.c...
creating preprocessor file for IRQ_timer.c...
compiling system_LPC17xx.c...
creating preprocessor file for lib_timer.c...
compiling lib_timer.c...
creating preprocessor file for AsciiLib.c...
compiling AsciiLib.c...
creating preprocessor file for GLCD.c...
Source/timer/IRQ_timer.c(104): warning: implicitly declaring library function 'abs' with type 'int (int)' [-Wimplicit-function-declaration]
  104 |     return abs(x1 - x2) + abs(y1 - y2);
      |            ^
Source/timer/IRQ_timer.c(104): note: include the header <math.h> or explicitly provide a declaration for 'abs'
1 warning generated.
compiling IRQ_timer.c...
creating preprocessor file for HzLib.c...
creating preprocessor file for TouchPanel.c...
creating preprocessor file for IRQ_RIT.c...
compiling GLCD.c...
compiling TouchPanel.c...
Source/RIT/IRQ_RIT.c(182): warning: passing arguments to 'move_ghost' without a prototype is deprecated in all versions of C and is not supported in C23 [-Wdeprecated-non-prototype]
  182 |                                         move_ghost(ghost_dir, &ghost_curr_x, &ghost_curr_y);
      |                                                   ^
1 warning generated.
compiling IRQ_RIT.c...
creating preprocessor file for lib_RIT.c...
creating preprocessor file for funct_joystick.c...
compiling lib_RIT.c...
compiling funct_joystick.c...
creating preprocessor file for lib_joystick.c...
creating preprocessor file for IRQ_button.c...
compiling lib_joystick.c...
creating preprocessor file for lib_button.c...
compiling IRQ_button.c...
compiling lib_button.c...
creating preprocessor file for IRQ_CAN.c...
compiling IRQ_CAN.c...
creating preprocessor file for lib_CAN.c...
compiling lib_CAN.c...
compiling HzLib.c...
linking...
Program Size: Code=28242 RO-data=1830 RW-data=4312 ZI-data=1456  
".\Objects\sample_GLCD_TP.axf" - 0 Error(s), 2 Warning(s).

<h2>Software Packages used:</h2>

Package Vendor: ARM
                https://www.keil.com/pack/ARM.CMSIS.6.1.0.pack
                ARM::CMSIS@6.1.0
                CMSIS (Common Microcontroller Software Interface Standard)
   * Component: CORE Version: 6.1.0

Package Vendor: Keil
                http://www.keil.com/pack/Keil.LPC1700_DFP.2.7.1.pack
                Keil::LPC1700_DFP@2.7.1
                NXP LPC1700 Series Device Support, Drivers and Examples for MCB1700 and LPC1788-32

<h2>Collection of Component include folders:</h2>
  ./RTE/_LandTiger_LPC1768__release_
  C:/Keil_v5/ARM/PACK/ARM/CMSIS/6.1.0/CMSIS/Core/Include
  C:/Keil_v5/ARM/PACK/Keil/LPC1700_DFP/2.7.1/Device/Include

<h2>Collection of Component Files used:</h2>

   * Component: ARM::CMSIS:CORE@6.1.0
Build Time Elapsed:  00:00:01
</pre>
</body>
</html>
